2026-03-20 11:03:44 [   DEBUG] Initializing server 'mcp-server' (server.py:162)
2026-03-20 11:03:44 [   DEBUG] Registering handler for ListToolsRequest (server.py:439)
2026-03-20 11:03:44 [   DEBUG] Registering handler for ListResourcesRequest (server.py:301)
2026-03-20 11:03:44 [   DEBUG] Registering handler for PromptListRequest (server.py:263)
2026-03-20 11:03:44 [   DEBUG] Registering handler for CallToolRequest (server.py:519)
2026-03-20 11:03:44 [    INFO] Tool called: add(2, 3) (main.py:29)
2026-03-20 11:03:44 [    INFO] Tool called: add(-1, 1) (main.py:29)
2026-03-20 11:03:44 [    INFO] Tool called: add(0, 0) (main.py:29)
2026-03-20 11:03:44 [    INFO] Tool called: get_secret_word() (main.py:35)
2026-03-20 11:03:44 [    INFO] Secret word obtained: banana (test_main.py:56)
2026-03-20 11:03:44 [    INFO] Tool called: get_current_weather(London) (main.py:41)
2026-03-20 11:03:44 [   DEBUG] Starting new HTTPS connection (1): wttr.in:443 (connectionpool.py:1049)
2026-03-20 11:03:44 [   DEBUG] https://wttr.in:443 "GET /London HTTP/1.1" 200 8771 (connectionpool.py:544)
2026-03-20 11:03:44 [    INFO] Weather data obtained for London (test_main.py:62)
2026-03-20 11:03:45 [    INFO] Attempting to call the MCP server at http://127.0.0.1:8080/mcp... (test_main.py:87)
2026-03-20 11:03:45 [   DEBUG] Starting new HTTP connection (1): 127.0.0.1:8080 (connectionpool.py:241)
2026-03-20 11:03:45 [   DEBUG] http://127.0.0.1:8080 "POST /mcp HTTP/1.1" 200 None (connectionpool.py:544)
2026-03-20 11:03:45 [    INFO] Raw response from MCP server: event: message
data: {"jsonrpc":"2.0","id":1,"result":{"content":[{"type":"text","text":"apple"}],"structuredContent":{"result":"apple"},"isError":false}}

 (test_main.py:90)
2026-03-20 11:03:45 [    INFO] MCP server response: apple (test_main.py:94)
